// Jest Snapshot v1, https://goo.gl/fbAQLP

exports[`fields/DecimalField inputRender should render correct input field 1`] = `<input type="number" step="0.01">`;

exports[`fields/DecimalField inputRender should render correct input field 2`] = `<input type="number" step="0.01">`;

exports[`fields/DecimalField inputRender should render disabled input field 1`] = `<input type="number" step="0.01" disabled="">`;

exports[`fields/DecimalField inputRender should render readonly input field 1`] = `<input type="number" step="0.01" readonly="">`;
